// Jest Snapshot v1, https://goo.gl/fbAQLP

exports[`matches snapshot 1`] = `
<div
  className="Box"
  style={
    Object {
      "backgroundColor": undefined,
      "display": "inline-block",
      "height": NaN,
      "width": NaN,
    }
  }
>
  <button>
    X
  </button>
</div>
`;
