// Jest Snapshot v1, https://goo.gl/fbAQLP

exports[`matches snapshot 1`] = `
<div
  className="ShoppingList"
>
  <NewBoxForm
    handleNewItem={[Function]}
  />
  <div />
</div>
`;
