// Jest Snapshot v1, https://goo.gl/fbAQLP

exports[`matches snapshot 1`] = `
<form
  onSubmit={[Function]}
>
  <label
    htmlFor="height"
  >
    Height:
  </label>
  <input
    id="height"
    name="height"
    onChange={[Function]}
    value={0}
  />
  <label
    htmlFor="width"
  >
    Width:
  </label>
  <input
    id="width"
    name="width"
    onChange={[Function]}
    value={0}
  />
  <label
    htmlFor="color"
  >
    Color:
  </label>
  <input
    id="color"
    name="color"
    onChange={[Function]}
    value="white"
  />
  <button>
    Add a new box!
  </button>
</form>
`;
